2026-02-03 02:35:12 - rag_service - INFO - Using NLTK WordNetLemmatizer for lemmatization
2026-02-03 02:35:22 - rag_service - INFO - Embedding generator initialized with model: BAAI/bge-small-en-v1.5
2026-02-03 02:35:24 - rag_service - INFO - ChromaDB initialized at: ./chroma_db
2026-02-03 02:35:24 - rag_service - INFO - Transformers library available for local LLM
2026-02-03 02:35:25 - rag_service - INFO - LLM Generator initialized with model: llama-3.3-70b-versatile
--- Starting Sahabat Cafe Test (Tenant: sahabat_test) ---
2026-02-03 02:35:25,158 INFO sqlalchemy.engine.Engine select pg_catalog.version()
2026-02-03 02:35:25,158 INFO sqlalchemy.engine.Engine [raw sql] ()
2026-02-03 02:35:25,160 INFO sqlalchemy.engine.Engine select current_schema()
2026-02-03 02:35:25,160 INFO sqlalchemy.engine.Engine [raw sql] ()
2026-02-03 02:35:25,161 INFO sqlalchemy.engine.Engine show standard_conforming_strings
2026-02-03 02:35:25,161 INFO sqlalchemy.engine.Engine [raw sql] ()
2026-02-03 02:35:25,163 INFO sqlalchemy.engine.Engine BEGIN (implicit)
2026-02-03 02:35:25,181 INFO sqlalchemy.engine.Engine SELECT admins.id, admins.username, admins.email, admins.hashed_password, admins.tenant_id, admins.business_name, admins.is_active, admins.is_super_admin, admins.created_at 
FROM admins 
WHERE admins.tenant_id = $1::VARCHAR
2026-02-03 02:35:25,181 INFO sqlalchemy.engine.Engine [generated in 0.00025s] ('sahabat_test',)
2026-02-03 02:35:25,188 INFO sqlalchemy.engine.Engine SELECT tenant_settings.id, tenant_settings.tenant_id, tenant_settings.model_type, tenant_settings.api_model, tenant_settings.local_model, tenant_settings.temperature, tenant_settings.max_new_tokens, tenant_settings.top_p, tenant_settings.top_k, tenant_settings.min_p, tenant_settings.repetition_penalty, tenant_settings.system_prompt, tenant_settings.no_context_prompt, tenant_settings.top_k_chunks, tenant_settings.relevance_threshold, tenant_settings.created_at, tenant_settings.updated_at 
FROM tenant_settings 
WHERE tenant_settings.tenant_id = $1::VARCHAR
2026-02-03 02:35:25,188 INFO sqlalchemy.engine.Engine [generated in 0.00023s] ('sahabat_test',)
2026-02-03 02:35:25,193 INFO sqlalchemy.engine.Engine SELECT documents.id, documents.tenant_id, documents.filename, documents.original_filename, documents.file_type, documents.file_size, documents.file_path, documents.version, documents.status, documents.error_message, documents.chunk_count, documents.uploaded_by_id, documents.uploaded_at, documents.processed_at, documents.updated_at 
FROM documents 
WHERE documents.tenant_id = $1::VARCHAR AND documents.original_filename = $2::VARCHAR
2026-02-03 02:35:25,193 INFO sqlalchemy.engine.Engine [generated in 0.00023s] ('sahabat_test', 'sahabat_cafe.txt')
Document sahabat_cafe.txt already exists. ID: 59f9052d-bcef-48f6-a923-c6d2b73f70cd

--- Running Chat Tests ---

Q: What are the operating hours on weekends?
2026-02-03 02:35:25 - rag_service - INFO - LLM response generated in 348.52ms (tokens: 254)
2026-02-03 02:35:25 - rag_service - INFO - LLM response generated in 266.79ms (tokens: 227)
2026-02-03 02:35:25 - rag_service - ERROR - Context extraction failed: Expecting value: line 1 column 1 (char 0)
2026-02-03 02:35:25 - rag_service - INFO - Retrieving for query: 'What are the operating hours on weekends?...' (tenant: sahabat_test)
2026-02-03 02:35:25 - rag_service - INFO - Expanding query: 'What are the operating hours on weekends?'
2026-02-03 02:35:26 - rag_service - INFO - LLM response generated in 241.23ms (tokens: 190)
2026-02-03 02:35:26 - rag_service - INFO - Generated 4 unique variations (including original)
2026-02-03 02:35:26 - rag_service - INFO - Using 4 queries due to expansion
2026-02-03 02:35:26 - rag_service - INFO - Loading embedding model: BAAI/bge-small-en-v1.5
2026-02-03 02:35:30 - rag_service - INFO - Embedding model loaded successfully
2026-02-03 02:35:30 - rag_service - INFO - Merged results: 5, After threshold (0.1): 5
2026-02-03 02:35:30 - rag_service - INFO - Retrieved 5 final relevant chunks
2026-02-03 02:35:30 - rag_service - INFO - LLM response generated in 380.92ms (tokens: 791)
A: The operating hours on weekends (Saturday and Sunday) are 10:00 AM to 8:00 PM.
[Chunks: 5, Intent: QUESTION]

Q: Do you have vegan options?
2026-02-03 02:35:30 - rag_service - INFO - LLM response generated in 178.77ms (tokens: 316)
2026-02-03 02:35:31 - rag_service - INFO - LLM response generated in 346.73ms (tokens: 241)
2026-02-03 02:35:31 - rag_service - ERROR - Context extraction failed: Expecting value: line 1 column 1 (char 0)
2026-02-03 02:35:31 - rag_service - INFO - Retrieving for query: 'Do you have vegan options?...' (tenant: sahabat_test)
2026-02-03 02:35:31 - rag_service - INFO - Expanding query: 'Do you have vegan options?'
2026-02-03 02:35:31 - rag_service - INFO - LLM response generated in 432.92ms (tokens: 198)
2026-02-03 02:35:31 - rag_service - INFO - Generated 4 unique variations (including original)
2026-02-03 02:35:31 - rag_service - INFO - Using 4 queries due to expansion
2026-02-03 02:35:31 - rag_service - INFO - Merged results: 5, After threshold (0.1): 5
2026-02-03 02:35:31 - rag_service - INFO - Retrieved 5 final relevant chunks
2026-02-03 02:35:32 - rag_service - INFO - LLM response generated in 415.55ms (tokens: 847)
A: Yes, Sahabat Cafe has vegan options available. This is mentioned in Source 1, Source 2, and implied in other sources through the mention of vegetarian options and a variety of dishes.
[Chunks: 5, Intent: QUESTION]

Q: How much is the Cheese Burger?
2026-02-03 02:35:32 - rag_service - INFO - LLM response generated in 175.90ms (tokens: 371)
2026-02-03 02:35:32 - rag_service - INFO - LLM response generated in 273.57ms (tokens: 228)
2026-02-03 02:35:32 - rag_service - ERROR - Context extraction failed: Expecting value: line 1 column 1 (char 0)
2026-02-03 02:35:32 - rag_service - INFO - Retrieving for query: 'How much is the Cheese Burger?...' (tenant: sahabat_test)
2026-02-03 02:35:32 - rag_service - INFO - Expanding query: 'How much is the Cheese Burger?'
2026-02-03 02:35:33 - rag_service - INFO - LLM response generated in 263.55ms (tokens: 194)
2026-02-03 02:35:33 - rag_service - INFO - Generated 4 unique variations (including original)
2026-02-03 02:35:33 - rag_service - INFO - Using 4 queries due to expansion
2026-02-03 02:35:33 - rag_service - INFO - Merged results: 5, After threshold (0.1): 5
2026-02-03 02:35:33 - rag_service - INFO - Retrieved 5 final relevant chunks
2026-02-03 02:35:33 - rag_service - INFO - LLM response generated in 331.30ms (tokens: 895)
A: The Cheese Burger is priced at IDR 40,000. It features a juicy beef patty, melted cheese, lettuce, tomato, and delicious sauce.
[Chunks: 5, Intent: QUESTION]

Q: Is there wifi?
2026-02-03 02:35:33 - rag_service - INFO - LLM response generated in 310.05ms (tokens: 377)
2026-02-03 02:35:34 - rag_service - INFO - LLM response generated in 260.53ms (tokens: 221)
2026-02-03 02:35:34 - rag_service - ERROR - Context extraction failed: Expecting value: line 1 column 1 (char 0)
2026-02-03 02:35:34 - rag_service - INFO - Retrieving for query: 'Is there wifi?...' (tenant: sahabat_test)
2026-02-03 02:35:34 - rag_service - INFO - Expanding query: 'Is there wifi?'
2026-02-03 02:35:34 - rag_service - INFO - LLM response generated in 536.17ms (tokens: 183)
2026-02-03 02:35:34 - rag_service - INFO - Generated 4 unique variations (including original)
2026-02-03 02:35:34 - rag_service - INFO - Using 4 queries due to expansion
2026-02-03 02:35:34 - rag_service - INFO - Merged results: 5, After threshold (0.1): 5
2026-02-03 02:35:34 - rag_service - INFO - Retrieved 5 final relevant chunks
2026-02-03 02:35:35 - rag_service - INFO - LLM response generated in 242.66ms (tokens: 920)
A: Yes, Sahabat Cafe offers free Wi-Fi.
[Chunks: 5, Intent: QUESTION]

Q: Where is the cafe located?
2026-02-03 02:35:35 - rag_service - INFO - LLM response generated in 246.14ms (tokens: 347)
2026-02-03 02:35:35 - rag_service - INFO - LLM response generated in 360.31ms (tokens: 222)
2026-02-03 02:35:35 - rag_service - ERROR - Context extraction failed: Expecting value: line 1 column 1 (char 0)
2026-02-03 02:35:35 - rag_service - INFO - Retrieving for query: 'Where is the cafe located?...' (tenant: sahabat_test)
2026-02-03 02:35:35 - rag_service - INFO - Expanding query: 'Where is the cafe located?'
2026-02-03 02:35:35 - rag_service - INFO - LLM response generated in 269.87ms (tokens: 195)
2026-02-03 02:35:35 - rag_service - INFO - Generated 4 unique variations (including original)
2026-02-03 02:35:35 - rag_service - INFO - Using 4 queries due to expansion
2026-02-03 02:35:36 - rag_service - INFO - Merged results: 5, After threshold (0.1): 5
2026-02-03 02:35:36 - rag_service - INFO - Retrieved 5 final relevant chunks
2026-02-03 02:35:36 - rag_service - INFO - LLM response generated in 486.91ms (tokens: 967)
A: The Sahabat Cafe is located at the heart of the President University campus, on the ground floor of the main building, adjacent to the student lounge.
[Chunks: 5, Intent: QUESTION]

Q: What are your best sellers?
2026-02-03 02:35:36 - rag_service - INFO - LLM response generated in 193.38ms (tokens: 349)
2026-02-03 02:35:37 - rag_service - INFO - LLM response generated in 458.53ms (tokens: 230)
2026-02-03 02:35:37 - rag_service - ERROR - Context extraction failed: Expecting value: line 1 column 1 (char 0)
2026-02-03 02:35:37 - rag_service - INFO - Retrieving for query: 'What are your best sellers?...' (tenant: sahabat_test)
2026-02-03 02:35:37 - rag_service - INFO - Expanding query: 'What are your best sellers?'
2026-02-03 02:35:37 - rag_service - INFO - LLM response generated in 324.45ms (tokens: 187)
2026-02-03 02:35:37 - rag_service - INFO - Generated 4 unique variations (including original)
2026-02-03 02:35:37 - rag_service - INFO - Using 4 queries due to expansion
2026-02-03 02:35:37 - rag_service - INFO - Merged results: 5, After threshold (0.1): 5
2026-02-03 02:35:37 - rag_service - INFO - Retrieved 5 final relevant chunks
2026-02-03 02:35:37 - rag_service - INFO - LLM response generated in 327.05ms (tokens: 1016)
A: Our best sellers are the Cheese Burger and Spaghetti Bolognese, as well as the Ice Coffee. These items are mentioned as popular choices in multiple sources.
[Chunks: 5, Intent: QUESTION]

Q: Contact number?
2026-02-03 02:35:38 - rag_service - INFO - LLM response generated in 183.38ms (tokens: 368)
2026-02-03 02:35:38 - rag_service - INFO - LLM response generated in 371.64ms (tokens: 232)
2026-02-03 02:35:38 - rag_service - ERROR - Context extraction failed: Expecting value: line 1 column 1 (char 0)
2026-02-03 02:35:38 - rag_service - INFO - Retrieving for query: 'Contact number?...' (tenant: sahabat_test)
2026-02-03 02:35:38 - rag_service - INFO - Expanding query: 'Contact number?'
2026-02-03 02:35:38 - rag_service - INFO - LLM response generated in 208.23ms (tokens: 176)
2026-02-03 02:35:38 - rag_service - INFO - Generated 4 unique variations (including original)
2026-02-03 02:35:38 - rag_service - INFO - Using 4 queries due to expansion
2026-02-03 02:35:38 - rag_service - INFO - Merged results: 5, After threshold (0.1): 5
2026-02-03 02:35:38 - rag_service - INFO - Retrieved 5 final relevant chunks
2026-02-03 02:35:39 - rag_service - INFO - LLM response generated in 477.03ms (tokens: 1077)
A: The contact number for Sahabat Cafe is 021 555 1234. You can also reach them through email at sahabatcafe@president.ac.id or follow their social media @sahabatcafeofficial.
[Chunks: 5, Intent: QUESTION]

2026-02-03 02:35:39,367 INFO sqlalchemy.engine.Engine ROLLBACK
